Inventory: 38 URLs
[1/38] https://wayly.com.au/
[2/38] https://wayly.com.au/features
[3/38] https://wayly.com.au/pricing
[4/38] https://wayly.com.au/trust
[5/38] https://wayly.com.au/demo
[6/38] https://wayly.com.au/contact
[7/38] https://wayly.com.au/for-advisors
[8/38] https://wayly.com.au/for-gps
[9/38] https://wayly.com.au/resources
[10/38] https://wayly.com.au/resources/articles
[11/38] https://wayly.com.au/resources/glossary
[12/38] https://wayly.com.au/resources/templates
[13/38] https://wayly.com.au/ai-tools
[14/38] https://wayly.com.au/ai-tools/statement-decoder
[15/38] https://wayly.com.au/ai-tools/budget-calculator
[16/38] https://wayly.com.au/ai-tools/provider-price-checker
[17/38] https://wayly.com.au/ai-tools/classification-self-check
[18/38] https://wayly.com.au/ai-tools/reassessment-letter
[19/38] https://wayly.com.au/ai-tools/contribution-estimator
[20/38] https://wayly.com.au/ai-tools/care-plan-reviewer
[21/38] https://wayly.com.au/ai-tools/family-coordinator
[22/38] https://wayly.com.au/legal/terms
[23/38] https://wayly.com.au/legal/privacy
[24/38] https://wayly.com.au/legal/ai-disclaimer
[25/38] https://wayly.com.au/legal/ai-intent
[26/38] https://wayly.com.au/legal/accessibility
[27/38] https://wayly.com.au/legal/cookies
[28/38] https://wayly.com.au/resources/articles/support-at-home-statement
[29/38] https://wayly.com.au/resources/articles/home-care-package-vs-support-at-home
[30/38] https://wayly.com.au/resources/articles/support-at-home-costs-and-contributions
[31/38] https://wayly.com.au/resources/articles/wayly-statement-decoder-support-at-home-statement-explained
[32/38] https://wayly.com.au/resources/articles/wayly-budget-calculator-support-at-home-quarterly-budget
[33/38] https://wayly.com.au/resources/articles/wayly-provider-price-checker-support-at-home-prices
[34/38] https://wayly.com.au/resources/articles/wayly-classification-self-check-support-at-home-levels
[35/38] https://wayly.com.au/resources/articles/wayly-reassessment-letter-generator-support-at-home-reassessment
[36/38] https://wayly.com.au/resources/articles/wayly-contribution-estimator-support-at-home-fees
[37/38] https://wayly.com.au/resources/articles/wayly-care-plan-reviewer-support-at-home-care-plan
[38/38] https://wayly.com.au/resources/articles/wayly-family-coordinator-managing-parents-aged-care
Done. 38 pages audited.
