LH mobile: https://wayly.com.au/
   perf=53 a11y=92 bp=82 seo=100
LH desktop: https://wayly.com.au/
   perf=32 a11y=92 bp=81 seo=100
LH mobile: https://wayly.com.au/features
   perf=56 a11y=99 bp=82 seo=100
LH desktop: https://wayly.com.au/features
   perf=34 a11y=96 bp=81 seo=100
LH mobile: https://wayly.com.au/pricing
   perf=56 a11y=99 bp=82 seo=100
LH desktop: https://wayly.com.au/pricing
   perf=35 a11y=99 bp=81 seo=100
LH mobile: https://wayly.com.au/ai-tools/statement-decoder
   perf=56 a11y=91 bp=82 seo=100
LH desktop: https://wayly.com.au/ai-tools/statement-decoder
   perf=39 a11y=91 bp=81 seo=100
LH mobile: https://wayly.com.au/ai-tools/budget-calculator
   perf=60 a11y=96 bp=82 seo=92
LH desktop: https://wayly.com.au/ai-tools/budget-calculator
   perf=37 a11y=96 bp=81 seo=92
LH mobile: https://wayly.com.au/resources/articles
   perf=60 a11y=99 bp=82 seo=100
LH desktop: https://wayly.com.au/resources/articles
   perf=38 a11y=99 bp=81 seo=100
LH mobile: https://wayly.com.au/resources/articles/support-at-home-statement
   perf=55 a11y=99 bp=82 seo=100
LH desktop: https://wayly.com.au/resources/articles/support-at-home-statement
   perf=33 a11y=99 bp=81 seo=100
LH mobile: https://wayly.com.au/resources/articles/wayly-statement-decoder-support-at-home-statement-explained
   perf=56 a11y=99 bp=82 seo=100
LH desktop: https://wayly.com.au/resources/articles/wayly-statement-decoder-support-at-home-statement-explained
   perf=33 a11y=99 bp=81 seo=100
Saved scores.json
