LH mobile: https://wayly.com.au/
   perf=56 a11y=92 bp=82 seo=100
LH desktop: https://wayly.com.au/
   perf=37 a11y=92 bp=81 seo=100
LH mobile: https://wayly.com.au/features
   perf=63 a11y=99 bp=82 seo=100
LH desktop: https://wayly.com.au/features
   perf=43 a11y=96 bp=81 seo=100
LH mobile: https://wayly.com.au/pricing
   perf=69 a11y=99 bp=82 seo=100
LH desktop: https://wayly.com.au/pricing
   perf=42 a11y=99 bp=81 seo=100
LH mobile: https://wayly.com.au/ai-tools/statement-decoder
   perf=68 a11y=91 bp=82 seo=100
LH desktop: https://wayly.com.au/ai-tools/statement-decoder
   perf=43 a11y=91 bp=81 seo=100
LH mobile: https://wayly.com.au/ai-tools/budget-calculator
   perf=71 a11y=96 bp=82 seo=100
LH desktop: https://wayly.com.au/ai-tools/budget-calculator
   perf=46 a11y=96 bp=81 seo=100
LH mobile: https://wayly.com.au/resources/articles
   perf=68 a11y=99 bp=82 seo=100
LH desktop: https://wayly.com.au/resources/articles
   perf=44 a11y=99 bp=81 seo=100
LH mobile: https://wayly.com.au/resources/articles/support-at-home-statement
   perf=63 a11y=100 bp=82 seo=100
LH desktop: https://wayly.com.au/resources/articles/support-at-home-statement
   perf=39 a11y=100 bp=81 seo=100
LH mobile: https://wayly.com.au/resources/articles/wayly-statement-decoder-support-at-home-statement-explained
   perf=63 a11y=99 bp=82 seo=100
LH desktop: https://wayly.com.au/resources/articles/wayly-statement-decoder-support-at-home-statement-explained
   perf=40 a11y=99 bp=81 seo=100
Saved scores.json
